test_seq -1 -1
